src/app/login/login.integration.test.tsx(45,1): error TS2582: Cannot find name 'describe'. Do you need to install type definitions for a test runner? Try `npm i --save-dev @types/jest` or `npm i --save-dev @types/mocha`.
src/app/login/login.integration.test.tsx(54,3): error TS2304: Cannot find name 'beforeEach'.
src/app/login/login.integration.test.tsx(58,3): error TS2582: Cannot find name 'it'. Do you need to install type definitions for a test runner? Try `npm i --save-dev @types/jest` or `npm i --save-dev @types/mocha`.
src/app/login/login.integration.test.tsx(62,5): error TS2304: Cannot find name 'expect'.
src/app/login/login.integration.test.tsx(63,5): error TS2304: Cannot find name 'expect'.
src/app/login/login.integration.test.tsx(66,5): error TS2304: Cannot find name 'expect'.
src/app/login/login.integration.test.tsx(67,5): error TS2304: Cannot find name 'expect'.
src/app/login/login.integration.test.tsx(70,5): error TS2304: Cannot find name 'expect'.
src/app/login/login.integration.test.tsx(73,5): error TS2304: Cannot find name 'expect'.
src/app/login/login.integration.test.tsx(74,5): error TS2304: Cannot find name 'expect'.
src/app/login/login.integration.test.tsx(77,3): error TS2582: Cannot find name 'it'. Do you need to install type definitions for a test runner? Try `npm i --save-dev @types/jest` or `npm i --save-dev @types/mocha`.
src/app/login/login.integration.test.tsx(85,7): error TS2304: Cannot find name 'expect'.
src/app/login/login.integration.test.tsx(86,7): error TS2304: Cannot find name 'expect'.
src/app/login/login.integration.test.tsx(90,3): error TS2582: Cannot find name 'it'. Do you need to install type definitions for a test runner? Try `npm i --save-dev @types/jest` or `npm i --save-dev @types/mocha`.
src/app/login/login.integration.test.tsx(101,5): error TS2304: Cannot find name 'expect'.
src/app/login/login.integration.test.tsx(102,5): error TS2304: Cannot find name 'expect'.
src/app/login/login.integration.test.tsx(105,3): error TS2582: Cannot find name 'it'. Do you need to install type definitions for a test runner? Try `npm i --save-dev @types/jest` or `npm i --save-dev @types/mocha`.
src/app/login/login.integration.test.tsx(123,5): error TS2304: Cannot find name 'expect'.
src/app/login/login.integration.test.tsx(124,5): error TS2304: Cannot find name 'expect'.
src/app/login/page.test.tsx(49,1): error TS2582: Cannot find name 'describe'. Do you need to install type definitions for a test runner? Try `npm i --save-dev @types/jest` or `npm i --save-dev @types/mocha`.
src/app/login/page.test.tsx(50,3): error TS2304: Cannot find name 'beforeEach'.
src/app/login/page.test.tsx(77,3): error TS2582: Cannot find name 'it'. Do you need to install type definitions for a test runner? Try `npm i --save-dev @types/jest` or `npm i --save-dev @types/mocha`.
src/app/login/page.test.tsx(80,5): error TS2304: Cannot find name 'expect'.
src/app/login/page.test.tsx(81,5): error TS2304: Cannot find name 'expect'.
src/app/login/page.test.tsx(82,5): error TS2304: Cannot find name 'expect'.
src/app/login/page.test.tsx(83,5): error TS2304: Cannot find name 'expect'.
src/app/login/page.test.tsx(86,3): error TS2582: Cannot find name 'it'. Do you need to install type definitions for a test runner? Try `npm i --save-dev @types/jest` or `npm i --save-dev @types/mocha`.
src/app/login/page.test.tsx(93,7): error TS2304: Cannot find name 'expect'.
src/app/login/page.test.tsx(94,7): error TS2304: Cannot find name 'expect'.
src/app/login/page.test.tsx(98,3): error TS2582: Cannot find name 'it'. Do you need to install type definitions for a test runner? Try `npm i --save-dev @types/jest` or `npm i --save-dev @types/mocha`.
src/app/login/page.test.tsx(108,7): error TS2304: Cannot find name 'expect'.
src/app/login/page.test.tsx(112,3): error TS2582: Cannot find name 'it'. Do you need to install type definitions for a test runner? Try `npm i --save-dev @types/jest` or `npm i --save-dev @types/mocha`.
src/app/login/page.test.tsx(124,7): error TS2304: Cannot find name 'expect'.
src/app/login/page.test.tsx(128,3): error TS2582: Cannot find name 'it'. Do you need to install type definitions for a test runner? Try `npm i --save-dev @types/jest` or `npm i --save-dev @types/mocha`.
src/app/login/page.test.tsx(141,5): error TS2304: Cannot find name 'expect'.
src/app/login/page.test.tsx(142,5): error TS2304: Cannot find name 'expect'.
src/app/login/page.test.tsx(145,3): error TS2582: Cannot find name 'it'. Do you need to install type definitions for a test runner? Try `npm i --save-dev @types/jest` or `npm i --save-dev @types/mocha`.
src/app/login/page.test.tsx(162,5): error TS2304: Cannot find name 'expect'.
src/app/login/page.test.tsx(165,3): error TS2582: Cannot find name 'it'. Do you need to install type definitions for a test runner? Try `npm i --save-dev @types/jest` or `npm i --save-dev @types/mocha`.
src/app/login/page.test.tsx(182,5): error TS2304: Cannot find name 'expect'.
src/app/login/page.test.tsx(185,3): error TS2582: Cannot find name 'it'. Do you need to install type definitions for a test runner? Try `npm i --save-dev @types/jest` or `npm i --save-dev @types/mocha`.
src/app/login/page.test.tsx(203,5): error TS2304: Cannot find name 'expect'.
src/app/login/page.test.tsx(206,3): error TS2582: Cannot find name 'it'. Do you need to install type definitions for a test runner? Try `npm i --save-dev @types/jest` or `npm i --save-dev @types/mocha`.
src/app/login/page.test.tsx(226,5): error TS2304: Cannot find name 'expect'.
src/app/login/page.test.tsx(229,3): error TS2582: Cannot find name 'it'. Do you need to install type definitions for a test runner? Try `npm i --save-dev @types/jest` or `npm i --save-dev @types/mocha`.
src/app/login/page.test.tsx(232,5): error TS2304: Cannot find name 'expect'.
src/app/login/page.test.tsx(233,5): error TS2304: Cannot find name 'expect'.
src/app/login/page.test.tsx(234,5): error TS2304: Cannot find name 'expect'.
src/app/login/page.test.tsx(235,5): error TS2304: Cannot find name 'expect'.
src/app/register/register.property.test.tsx(147,11): error TS2739: Type '{ access_token: string; refresh_token: string; token_type: string; }' is missing the following properties from type 'LoginResponse': expires_in, user
src/app/register/register.property.test.tsx(217,17): error TS2739: Type '{ access_token: string; refresh_token: string; token_type: string; }' is missing the following properties from type 'LoginResponse': expires_in, user
src/components/auth/AuthFlow.property.test.tsx(158,11): error TS2739: Type '{ access_token: string; refresh_token: string; token_type: string; }' is missing the following properties from type 'LoginResponse': expires_in, user
src/components/auth/AuthFlow.property.test.tsx(202,17): error TS2739: Type '{ access_token: string; refresh_token: string; token_type: string; }' is missing the following properties from type 'LoginResponse': expires_in, user
src/components/auth/AuthFlow.property.test.tsx(343,11): error TS2741: Property 'created_at' is missing in type '{ id: string; name: string; email: string; }' but required in type 'RegisterResponse'.
src/components/auth/AuthFlow.property.test.tsx(349,11): error TS2739: Type '{ access_token: string; refresh_token: string; token_type: string; }' is missing the following properties from type 'LoginResponse': expires_in, user
src/components/base/ErrorBoundary.test.tsx(129,17): error TS2540: Cannot assign to 'NODE_ENV' because it is a read-only property.
src/components/base/ErrorBoundary.test.tsx(139,17): error TS2540: Cannot assign to 'NODE_ENV' because it is a read-only property.
src/components/base/ErrorBoundary.test.tsx(144,17): error TS2540: Cannot assign to 'NODE_ENV' because it is a read-only property.
src/components/base/ErrorBoundary.test.tsx(154,17): error TS2540: Cannot assign to 'NODE_ENV' because it is a read-only property.
src/components/file-management/FileSearch.property.test.tsx(229,15): error TS4104: The type 'readonly []' is 'readonly' and cannot be assigned to the mutable type 'FileItem[]'.
src/components/file-management/FileUploader.property.test.tsx(174,17): error TS2322: Type 'readonly [] | readonly ["text/*"] | readonly ["image/*"] | readonly ["application/pdf"] | readonly ["text/*", "image/*"]' is not assignable to type 'string[] | undefined'.
  The type 'readonly []' is 'readonly' and cannot be assigned to the mutable type 'string[]'.
src/components/file-management/FileUploader.property.test.tsx(257,17): error TS2322: Type 'never[] | readonly ["text/*"] | readonly ["image/*"] | readonly ["application/pdf"] | readonly ["image/*", "text/*"] | (never[] & readonly ["text/*"]) | (never[] & readonly ["image/*"]) | (never[] & readonly ["application/pdf"]) | (never[] & readonly ["image/*", "text/*"]) | (readonly [...] & never[]) | (readonly [....' is not assignable to type 'string[] | undefined'.
  The type 'readonly ["text/*"]' is 'readonly' and cannot be assigned to the mutable type 'string[]'.
src/components/file-management/FolderOperations.property.test.tsx(5,31): error TS2307: Cannot find module './FolderManager' or its corresponding type declarations.
src/components/file-management/FolderOperations.property.test.tsx(6,31): error TS2307: Cannot find module './FileOrganizer' or its corresponding type declarations.
src/components/file-management/FolderOperations.property.test.tsx(7,34): error TS2307: Cannot find module './FolderBreadcrumb' or its corresponding type declarations.
src/components/file-management/FolderOperations.property.test.tsx(12,1): error TS2708: Cannot use namespace 'jest' as a value.
src/components/file-management/FolderOperations.property.test.tsx(13,45): error TS2694: Namespace 'global.jest' has no exported member 'Mocked'.
src/components/file-management/FolderOperations.property.test.tsx(16,1): error TS2708: Cannot use namespace 'jest' as a value.
src/components/file-management/FolderOperations.property.test.tsx(18,15): error TS2708: Cannot use namespace 'jest' as a value.
src/components/file-management/FolderOperations.property.test.tsx(23,1): error TS2708: Cannot use namespace 'jest' as a value.
src/components/file-management/FolderOperations.property.test.tsx(61,1): error TS2582: Cannot find name 'describe'. Do you need to install type definitions for a test runner? Try `npm i --save-dev @types/jest` or `npm i --save-dev @types/mocha`.
src/components/file-management/FolderOperations.property.test.tsx(62,3): error TS2304: Cannot find name 'beforeEach'.
src/components/file-management/FolderOperations.property.test.tsx(63,5): error TS2708: Cannot use namespace 'jest' as a value.
src/components/file-management/FolderOperations.property.test.tsx(73,3): error TS2582: Cannot find name 'it'. Do you need to install type definitions for a test runner? Try `npm i --save-dev @types/jest` or `npm i --save-dev @types/mocha`.
src/components/file-management/FolderOperations.property.test.tsx(80,33): error TS2708: Cannot use namespace 'jest' as a value.
src/components/file-management/FolderOperations.property.test.tsx(88,30): error TS2708: Cannot use namespace 'jest' as a value.
src/components/file-management/FolderOperations.property.test.tsx(95,13): error TS2304: Cannot find name 'expect'.
src/components/file-management/FolderOperations.property.test.tsx(100,11): error TS2304: Cannot find name 'expect'.
src/components/file-management/FolderOperations.property.test.tsx(103,11): error TS2304: Cannot find name 'expect'.
src/components/file-management/FolderOperations.property.test.tsx(107,11): error TS2304: Cannot find name 'expect'.
src/components/file-management/FolderOperations.property.test.tsx(108,11): error TS2304: Cannot find name 'expect'.
src/components/file-management/FolderOperations.property.test.tsx(122,3): error TS2582: Cannot find name 'it'. Do you need to install type definitions for a test runner? Try `npm i --save-dev @types/jest` or `npm i --save-dev @types/mocha`.
src/components/file-management/FolderOperations.property.test.tsx(135,26): error TS2708: Cannot use namespace 'jest' as a value.
src/components/file-management/FolderOperations.property.test.tsx(142,13): error TS2304: Cannot find name 'expect'.
src/components/file-management/FolderOperations.property.test.tsx(146,13): error TS2304: Cannot find name 'expect'.
src/components/file-management/FolderOperations.property.test.tsx(151,13): error TS2304: Cannot find name 'expect'.
src/components/file-management/FolderOperations.property.test.tsx(156,13): error TS2304: Cannot find name 'expect'.
src/components/file-management/FolderOperations.property.test.tsx(168,3): error TS2582: Cannot find name 'it'. Do you need to install type definitions for a test runner? Try `npm i --save-dev @types/jest` or `npm i --save-dev @types/mocha`.
src/components/file-management/FolderOperations.property.test.tsx(173,34): error TS2708: Cannot use namespace 'jest' as a value.
src/components/file-management/FolderOperations.property.test.tsx(183,11): error TS2304: Cannot find name 'expect'.
src/components/file-management/FolderOperations.property.test.tsx(189,15): error TS2304: Cannot find name 'expect'.
src/components/file-management/FolderOperations.property.test.tsx(194,11): error TS2304: Cannot find name 'expect'.
src/components/file-management/FolderOperations.property.test.tsx(195,11): error TS2304: Cannot find name 'expect'.
src/components/file-management/FolderOperations.property.test.tsx(207,3): error TS2582: Cannot find name 'it'. Do you need to install type definitions for a test runner? Try `npm i --save-dev @types/jest` or `npm i --save-dev @types/mocha`.
src/components/file-management/FolderOperations.property.test.tsx(217,30): error TS2708: Cannot use namespace 'jest' as a value.
src/components/file-management/FolderOperations.property.test.tsx(218,26): error TS2708: Cannot use namespace 'jest' as a value.
src/components/file-management/FolderOperations.property.test.tsx(233,11): error TS2304: Cannot find name 'expect'.
src/components/file-management/FolderOperations.property.test.tsx(244,3): error TS2582: Cannot find name 'it'. Do you need to install type definitions for a test runner? Try `npm i --save-dev @types/jest` or `npm i --save-dev @types/mocha`.
src/components/file-management/FolderOperations.property.test.tsx(264,26): error TS2708: Cannot use namespace 'jest' as a value.
src/components/file-management/FolderOperations.property.test.tsx(269,11): error TS2304: Cannot find name 'expect'.
src/components/file-management/FolderOperations.property.test.tsx(274,11): error TS2304: Cannot find name 'expect'.
src/components/file-management/FolderOperations.property.test.tsx(285,3): error TS2582: Cannot find name 'it'. Do you need to install type definitions for a test runner? Try `npm i --save-dev @types/jest` or `npm i --save-dev @types/mocha`.
src/components/file-management/FolderOperations.property.test.tsx(306,30): error TS2708: Cannot use namespace 'jest' as a value.
src/components/file-management/FolderOperations.property.test.tsx(307,26): error TS2708: Cannot use namespace 'jest' as a value.
src/components/file-management/FolderOperations.property.test.tsx(312,11): error TS2304: Cannot find name 'expect'.
src/components/file-management/FolderOperations.property.test.tsx(316,13): error TS2304: Cannot find name 'expect'.
src/components/file-management/FolderOperations.property.test.tsx(318,13): error TS2304: Cannot find name 'expect'.
src/components/file-management/FolderOperations.property.test.tsx(320,13): error TS2304: Cannot find name 'expect'.
src/components/forms/EmailInput.test.tsx(16,6): error TS2739: Type '{ value: string; onChange: Dispatch<SetStateAction<string>>; }' is missing the following properties from type 'EmailInputProps': name, type, label
src/components/forms/FormInput.test.tsx(17,6): error TS2739: Type '{ value: string; onChange: Dispatch<SetStateAction<string>>; }' is missing the following properties from type 'FormInputProps': name, type, label
src/components/forms/NameInput.test.tsx(16,6): error TS2739: Type '{ value: string; onChange: Dispatch<SetStateAction<string>>; }' is missing the following properties from type 'NameInputProps': name, type, label
src/components/forms/PasswordInput.test.tsx(279,9): error TS2322: Type '{ name: string; label: string; value: string; onChange: Mock<Procedure>; disabled: true; }' is not assignable to type 'IntrinsicAttributes & PasswordToggleProps & RefAttributes<HTMLInputElement>'.
  Property 'disabled' does not exist on type 'IntrinsicAttributes & PasswordToggleProps & RefAttributes<HTMLInputElement>'.
src/components/layout/PageLayout.test.tsx(36,1): error TS2582: Cannot find name 'describe'. Do you need to install type definitions for a test runner? Try `npm i --save-dev @types/jest` or `npm i --save-dev @types/mocha`.
src/components/layout/PageLayout.test.tsx(42,3): error TS2582: Cannot find name 'it'. Do you need to install type definitions for a test runner? Try `npm i --save-dev @types/jest` or `npm i --save-dev @types/mocha`.
src/components/layout/PageLayout.test.tsx(45,5): error TS2304: Cannot find name 'expect'.
src/components/layout/PageLayout.test.tsx(48,3): error TS2582: Cannot find name 'it'. Do you need to install type definitions for a test runner? Try `npm i --save-dev @types/jest` or `npm i --save-dev @types/mocha`.
src/components/layout/PageLayout.test.tsx(56,5): error TS2304: Cannot find name 'expect'.
src/components/layout/PageLayout.test.tsx(59,3): error TS2582: Cannot find name 'it'. Do you need to install type definitions for a test runner? Try `npm i --save-dev @types/jest` or `npm i --save-dev @types/mocha`.
src/components/layout/PageLayout.test.tsx(73,5): error TS2304: Cannot find name 'expect'.
src/components/layout/PageLayout.test.tsx(76,3): error TS2582: Cannot find name 'it'. Do you need to install type definitions for a test runner? Try `npm i --save-dev @types/jest` or `npm i --save-dev @types/mocha`.
src/components/layout/PageLayout.test.tsx(88,5): error TS2304: Cannot find name 'expect'.
src/components/layout/PageLayout.test.tsx(91,3): error TS2582: Cannot find name 'it'. Do you need to install type definitions for a test runner? Try `npm i --save-dev @types/jest` or `npm i --save-dev @types/mocha`.
src/components/layout/PageLayout.test.tsx(101,5): error TS2304: Cannot find name 'expect'.
src/components/layout/PageLayout.test.tsx(104,3): error TS2582: Cannot find name 'it'. Do you need to install type definitions for a test runner? Try `npm i --save-dev @types/jest` or `npm i --save-dev @types/mocha`.
src/components/layout/PageLayout.test.tsx(114,5): error TS2304: Cannot find name 'expect'.
src/components/layout/PageLayout.test.tsx(117,3): error TS2582: Cannot find name 'it'. Do you need to install type definitions for a test runner? Try `npm i --save-dev @types/jest` or `npm i --save-dev @types/mocha`.
src/components/layout/PageLayout.test.tsx(120,5): error TS2304: Cannot find name 'expect'.
src/components/layout/PageLayout.test.tsx(121,5): error TS2304: Cannot find name 'expect'.
src/components/layout/PageLayout.test.tsx(124,3): error TS2582: Cannot find name 'it'. Do you need to install type definitions for a test runner? Try `npm i --save-dev @types/jest` or `npm i --save-dev @types/mocha`.
src/components/layout/PageLayout.test.tsx(138,5): error TS2304: Cannot find name 'expect'.
src/components/layout/PageLayout.test.tsx(141,3): error TS2582: Cannot find name 'it'. Do you need to install type definitions for a test runner? Try `npm i --save-dev @types/jest` or `npm i --save-dev @types/mocha`.
src/components/layout/PageLayout.test.tsx(151,5): error TS2304: Cannot find name 'expect'.
src/components/layout/PageLayout.test.tsx(152,5): error TS2304: Cannot find name 'expect'.
src/components/layout/PageLayout.test.tsx(155,3): error TS2582: Cannot find name 'it'. Do you need to install type definitions for a test runner? Try `npm i --save-dev @types/jest` or `npm i --save-dev @types/mocha`.
src/components/layout/PageLayout.test.tsx(166,5): error TS2304: Cannot find name 'expect'.
src/components/navigation/NavigationMenu.property.test.tsx(9,25): error TS2304: Cannot find name 'vi'.
src/components/navigation/NavigationMenu.property.test.tsx(10,1): error TS2304: Cannot find name 'vi'.
src/components/navigation/NavigationMenu.property.test.tsx(14,1): error TS2304: Cannot find name 'vi'.
src/components/navigation/NavigationMenu.property.test.tsx(37,7): error TS2322: Type 'Arbitrary<{ label: string; href: string; icon: Element | undefined; badge: string | number | undefined; children: unknown[] | undefined; }>' is not assignable to type 'Arbitrary<NavigationItem>'.
  Type '{ label: string; href: string; icon: Element | undefined; badge: string | number | undefined; children: unknown[] | undefined; }' is not assignable to type 'NavigationItem'.
    Types of property 'children' are incompatible.
      Type 'unknown[] | undefined' is not assignable to type 'NavigationItem[] | undefined'.
        Type 'unknown[]' is not assignable to type 'NavigationItem[]'.
          Type 'unknown' is not assignable to type 'NavigationItem'.
src/components/navigation/ProtectedRoute.property.test.tsx(7,18): error TS2304: Cannot find name 'vi'.
src/components/navigation/ProtectedRoute.property.test.tsx(8,25): error TS2304: Cannot find name 'vi'.
src/components/navigation/ProtectedRoute.property.test.tsx(10,1): error TS2304: Cannot find name 'vi'.
src/components/navigation/ProtectedRoute.property.test.tsx(19,12): error TS2304: Cannot find name 'vi'.
src/components/navigation/ProtectedRoute.property.test.tsx(20,12): error TS2304: Cannot find name 'vi'.
src/components/navigation/ProtectedRoute.property.test.tsx(21,15): error TS2304: Cannot find name 'vi'.
src/components/navigation/ProtectedRoute.property.test.tsx(22,10): error TS2304: Cannot find name 'vi'.
src/components/navigation/ProtectedRoute.property.test.tsx(27,12): error TS2304: Cannot find name 'vi'.
src/components/navigation/ProtectedRoute.property.test.tsx(28,12): error TS2304: Cannot find name 'vi'.
src/components/navigation/ProtectedRoute.property.test.tsx(29,15): error TS2304: Cannot find name 'vi'.
src/components/navigation/ProtectedRoute.property.test.tsx(30,10): error TS2304: Cannot find name 'vi'.
src/components/navigation/ProtectedRoute.property.test.tsx(42,16): error TS2304: Cannot find name 'vi'.
src/components/navigation/ProtectedRoute.property.test.tsx(64,5): error TS2304: Cannot find name 'vi'.
src/components/navigation/ProtectedRoute.property.test.tsx(71,5): error TS2304: Cannot find name 'vi'.
src/components/navigation/ProtectedRoute.property.test.tsx(131,56): error TS7006: Parameter 'key' implicitly has an 'any' type.
src/components/navigation/ProtectedRoute.property.test.tsx(177,56): error TS7006: Parameter 'key' implicitly has an 'any' type.
src/components/navigation/ProtectedRoute.property.test.tsx(246,56): error TS7006: Parameter 'key' implicitly has an 'any' type.
src/components/ui/Card.test.tsx(5,1): error TS2582: Cannot find name 'describe'. Do you need to install type definitions for a test runner? Try `npm i --save-dev @types/jest` or `npm i --save-dev @types/mocha`.
src/components/ui/Card.test.tsx(6,3): error TS2582: Cannot find name 'it'. Do you need to install type definitions for a test runner? Try `npm i --save-dev @types/jest` or `npm i --save-dev @types/mocha`.
src/components/ui/Card.test.tsx(13,5): error TS2304: Cannot find name 'expect'.
src/components/ui/Card.test.tsx(16,3): error TS2582: Cannot find name 'it'. Do you need to install type definitions for a test runner? Try `npm i --save-dev @types/jest` or `npm i --save-dev @types/mocha`.
src/components/ui/Card.test.tsx(24,5): error TS2304: Cannot find name 'expect'.
src/components/ui/Card.test.tsx(25,5): error TS2304: Cannot find name 'expect'.
src/components/ui/Card.test.tsx(28,3): error TS2582: Cannot find name 'it'. Do you need to install type definitions for a test runner? Try `npm i --save-dev @types/jest` or `npm i --save-dev @types/mocha`.
src/components/ui/Card.test.tsx(36,5): error TS2304: Cannot find name 'expect'.
src/components/ui/Card.test.tsx(39,3): error TS2582: Cannot find name 'it'. Do you need to install type definitions for a test runner? Try `npm i --save-dev @types/jest` or `npm i --save-dev @types/mocha`.
src/components/ui/Card.test.tsx(47,5): error TS2304: Cannot find name 'expect'.
src/components/ui/Card.test.tsx(50,3): error TS2582: Cannot find name 'it'. Do you need to install type definitions for a test runner? Try `npm i --save-dev @types/jest` or `npm i --save-dev @types/mocha`.
src/components/ui/Card.test.tsx(58,5): error TS2304: Cannot find name 'expect'.
src/components/ui/Card.test.tsx(59,5): error TS2304: Cannot find name 'expect'.
src/components/ui/Card.test.tsx(60,5): error TS2304: Cannot find name 'expect'.
src/components/ui/Card.test.tsx(63,3): error TS2582: Cannot find name 'it'. Do you need to install type definitions for a test runner? Try `npm i --save-dev @types/jest` or `npm i --save-dev @types/mocha`.
src/components/ui/Card.test.tsx(71,5): error TS2304: Cannot find name 'expect'.
src/components/ui/Card.test.tsx(72,5): error TS2304: Cannot find name 'expect'.
src/components/ui/Card.test.tsx(73,5): error TS2304: Cannot find name 'expect'.
src/components/ui/Card.test.tsx(76,3): error TS2582: Cannot find name 'it'. Do you need to install type definitions for a test runner? Try `npm i --save-dev @types/jest` or `npm i --save-dev @types/mocha`.
src/components/ui/Card.test.tsx(84,5): error TS2304: Cannot find name 'expect'.
src/components/ui/Card.test.tsx(87,3): error TS2582: Cannot find name 'it'. Do you need to install type definitions for a test runner? Try `npm i --save-dev @types/jest` or `npm i --save-dev @types/mocha`.
src/components/ui/Card.test.tsx(95,5): error TS2304: Cannot find name 'expect'.
src/components/ui/Card.test.tsx(98,3): error TS2582: Cannot find name 'it'. Do you need to install type definitions for a test runner? Try `npm i --save-dev @types/jest` or `npm i --save-dev @types/mocha`.
src/components/ui/Card.test.tsx(106,5): error TS2304: Cannot find name 'expect'.
src/components/ui/Card.test.tsx(110,1): error TS2582: Cannot find name 'describe'. Do you need to install type definitions for a test runner? Try `npm i --save-dev @types/jest` or `npm i --save-dev @types/mocha`.
src/components/ui/Card.test.tsx(111,3): error TS2582: Cannot find name 'it'. Do you need to install type definitions for a test runner? Try `npm i --save-dev @types/jest` or `npm i --save-dev @types/mocha`.
src/components/ui/Card.test.tsx(119,5): error TS2304: Cannot find name 'expect'.
src/components/ui/Card.test.tsx(120,5): error TS2304: Cannot find name 'expect'.
src/components/ui/Card.test.tsx(123,3): error TS2582: Cannot find name 'it'. Do you need to install type definitions for a test runner? Try `npm i --save-dev @types/jest` or `npm i --save-dev @types/mocha`.
src/components/ui/Card.test.tsx(127,5): error TS2304: Cannot find name 'expect'.
src/components/ui/Card.test.tsx(128,5): error TS2304: Cannot find name 'expect'.
src/components/ui/Card.test.tsx(131,3): error TS2582: Cannot find name 'it'. Do you need to install type definitions for a test runner? Try `npm i --save-dev @types/jest` or `npm i --save-dev @types/mocha`.
src/components/ui/Card.test.tsx(135,5): error TS2304: Cannot find name 'expect'.
src/components/ui/Card.test.tsx(138,3): error TS2582: Cannot find name 'it'. Do you need to install type definitions for a test runner? Try `npm i --save-dev @types/jest` or `npm i --save-dev @types/mocha`.
src/components/ui/Card.test.tsx(146,5): error TS2304: Cannot find name 'expect'.
src/components/ui/Card.test.tsx(147,5): error TS2304: Cannot find name 'expect'.
src/components/ui/Card.test.tsx(150,3): error TS2582: Cannot find name 'it'. Do you need to install type definitions for a test runner? Try `npm i --save-dev @types/jest` or `npm i --save-dev @types/mocha`.
src/components/ui/Card.test.tsx(158,5): error TS2304: Cannot find name 'expect'.
src/components/ui/Card.test.tsx(159,5): error TS2304: Cannot find name 'expect'.
src/components/ui/Card.test.tsx(162,3): error TS2582: Cannot find name 'it'. Do you need to install type definitions for a test runner? Try `npm i --save-dev @types/jest` or `npm i --save-dev @types/mocha`.
src/components/ui/Card.test.tsx(178,5): error TS2304: Cannot find name 'expect'.
src/components/ui/Card.test.tsx(179,5): error TS2304: Cannot find name 'expect'.
src/components/ui/Card.test.tsx(180,5): error TS2304: Cannot find name 'expect'.
src/components/ui/Card.test.tsx(181,5): error TS2304: Cannot find name 'expect'.
src/components/ui/Card.test.tsx(184,3): error TS2582: Cannot find name 'it'. Do you need to install type definitions for a test runner? Try `npm i --save-dev @types/jest` or `npm i --save-dev @types/mocha`.
src/components/ui/Card.test.tsx(195,5): error TS2304: Cannot find name 'expect'.
src/components/ui/Card.test.tsx(196,5): error TS2304: Cannot find name 'expect'.
src/components/ui/Card.test.tsx(197,5): error TS2304: Cannot find name 'expect'.
src/components/ui/Card.test.tsx(198,5): error TS2304: Cannot find name 'expect'.
src/components/ui/Card.test.tsx(199,5): error TS2304: Cannot find name 'expect'.
src/lib/validation.test.ts(215,7): error TS2349: This expression is not callable.
  Type 'TestContext' has no call signatures.
src/services/auth.flows.property.test.ts(58,36): error TS2339: Property 'mockResolvedValueOnce' does not exist on type '<T = any, R = AxiosResponse<T, any, {}>, D = any>(url: string, data?: D | undefined, config?: AxiosRequestConfig<D> | undefined) => Promise<R>'.
src/services/auth.flows.property.test.ts(123,36): error TS2339: Property 'mockRejectedValueOnce' does not exist on type '<T = any, R = AxiosResponse<T, any, {}>, D = any>(url: string, data?: D | undefined, config?: AxiosRequestConfig<D> | undefined) => Promise<R>'.
src/services/auth.flows.property.test.ts(173,36): error TS2339: Property 'mockResolvedValueOnce' does not exist on type '<T = any, R = AxiosResponse<T, any, {}>, D = any>(url: string, data?: D | undefined, config?: AxiosRequestConfig<D> | undefined) => Promise<R>'.
src/services/auth.flows.property.test.ts(232,36): error TS2339: Property 'mockRejectedValueOnce' does not exist on type '<T = any, R = AxiosResponse<T, any, {}>, D = any>(url: string, data?: D | undefined, config?: AxiosRequestConfig<D> | undefined) => Promise<R>'.
src/services/user.service.test.ts(752,20): error TS18046: 'payload' is of type 'unknown'.
src/services/user.service.test.ts(756,20): error TS18046: 'payload' is of type 'unknown'.
src/services/user.service.test.ts(803,30): error TS2769: No overload matches this call.
  Overload 1 of 2, '(o: {}): string[]', gave the following error.
    Argument of type 'unknown' is not assignable to parameter of type '{}'.
  Overload 2 of 2, '(o: object): string[]', gave the following error.
    Argument of type 'unknown' is not assignable to parameter of type 'object'.
src/services/user.service.test.ts(808,20): error TS18046: 'payload' is of type 'unknown'.
src/services/user.service.test.ts(1029,49): error TS2304: Cannot find name 'ChangePasswordRequest'.
src/services/user.service.test.ts(1035,49): error TS2304: Cannot find name 'ChangePasswordRequest'.
src/services/user.service.test.ts(1044,42): error TS2304: Cannot find name 'ChangePasswordRequest'.
